\BOOKMARK [0][-]{chapter.1}{\376\377\000M\000o\000d\000u\000l\000e\000s\000\040\000I\000n\000d\000e\000x}{}
\BOOKMARK [1][-]{section.1.1}{\376\377\000M\000o\000d\000u\000l\000e\000s\000\040\000L\000i\000s\000t}{chapter.1}
\BOOKMARK [0][-]{chapter.2}{\376\377\000F\000i\000l\000e\000\040\000I\000n\000d\000e\000x}{}
\BOOKMARK [1][-]{section.2.1}{\376\377\000F\000i\000l\000e\000\040\000L\000i\000s\000t}{chapter.2}
\BOOKMARK [0][-]{chapter.3}{\376\377\000M\000o\000d\000u\000l\000e\000\040\000D\000o\000c\000u\000m\000e\000n\000t\000a\000t\000i\000o\000n}{}
\BOOKMARK [1][-]{section.3.1}{\376\377\000c\000r\000o\000p\000e\000q\000u\000\040\000M\000o\000d\000u\000l\000e\000\040\000R\000e\000f\000e\000r\000e\000n\000c\000e}{chapter.3}
\BOOKMARK [2][-]{subsection.3.1.1}{\376\377\000D\000e\000t\000a\000i\000l\000e\000d\000\040\000D\000e\000s\000c\000r\000i\000p\000t\000i\000o\000n}{section.3.1}
\BOOKMARK [2][-]{subsection.3.1.2}{\376\377\000V\000a\000r\000i\000a\000b\000l\000e\000\040\000D\000o\000c\000u\000m\000e\000n\000t\000a\000t\000i\000o\000n}{section.3.1}
\BOOKMARK [3][-]{subsubsection.3.1.2.1}{\376\377\000b\000t\000o\000r\000c}{subsection.3.1.2}
\BOOKMARK [3][-]{subsubsection.3.1.2.2}{\376\377\000e\000r\000r}{subsection.3.1.2}
\BOOKMARK [3][-]{subsubsection.3.1.2.3}{\376\377\000i}{subsection.3.1.2}
\BOOKMARK [3][-]{subsubsection.3.1.2.4}{\376\377\000i\000r\000e\000t}{subsection.3.1.2}
\BOOKMARK [3][-]{subsubsection.3.1.2.5}{\376\377\000j}{subsection.3.1.2}
\BOOKMARK [3][-]{subsubsection.3.1.2.6}{\376\377\000n\000g\000p\000r}{subsection.3.1.2}
\BOOKMARK [3][-]{subsubsection.3.1.2.7}{\376\377\000n\000g\000p\000z}{subsection.3.1.2}
\BOOKMARK [3][-]{subsubsection.3.1.2.8}{\376\377\000n\000r}{subsection.3.1.2}
\BOOKMARK [3][-]{subsubsection.3.1.2.9}{\376\377\000n\000r\000n}{subsection.3.1.2}
\BOOKMARK [3][-]{subsubsection.3.1.2.10}{\376\377\000n\000z}{subsection.3.1.2}
\BOOKMARK [3][-]{subsubsection.3.1.2.11}{\376\377\000n\000z\000n}{subsection.3.1.2}
\BOOKMARK [3][-]{subsubsection.3.1.2.12}{\376\377\000p\000f\000m}{subsection.3.1.2}
\BOOKMARK [3][-]{subsubsection.3.1.2.13}{\376\377\000p\000s\000i\000l\000i\000m}{subsection.3.1.2}
\BOOKMARK [3][-]{subsubsection.3.1.2.14}{\376\377\000p\000s\000i\000m\000i\000n}{subsection.3.1.2}
\BOOKMARK [3][-]{subsubsection.3.1.2.15}{\376\377\000r\000c\000n\000t\000c}{subsection.3.1.2}
\BOOKMARK [3][-]{subsubsection.3.1.2.16}{\376\377\000r\000g\000r}{subsection.3.1.2}
\BOOKMARK [3][-]{subsubsection.3.1.2.17}{\376\377\000r\000m\000a\000x}{subsection.3.1.2}
\BOOKMARK [3][-]{subsubsection.3.1.2.18}{\376\377\000r\000m\000i\000n}{subsection.3.1.2}
\BOOKMARK [3][-]{subsubsection.3.1.2.19}{\376\377\000z\000g\000r}{subsection.3.1.2}
\BOOKMARK [3][-]{subsubsection.3.1.2.20}{\376\377\000z\000m\000a\000x}{subsection.3.1.2}
\BOOKMARK [3][-]{subsubsection.3.1.2.21}{\376\377\000z\000m\000i\000n}{subsection.3.1.2}
\BOOKMARK [1][-]{section.3.2}{\376\377\000c\000u\000l\000h\000a\000m\000\040\000M\000o\000d\000u\000l\000e\000\040\000R\000e\000f\000e\000r\000e\000n\000c\000e}{chapter.3}
\BOOKMARK [2][-]{subsection.3.2.1}{\376\377\000D\000e\000t\000a\000i\000l\000e\000d\000\040\000D\000e\000s\000c\000r\000i\000p\000t\000i\000o\000n}{section.3.2}
\BOOKMARK [2][-]{subsection.3.2.2}{\376\377\000V\000a\000r\000i\000a\000b\000l\000e\000\040\000D\000o\000c\000u\000m\000e\000n\000t\000a\000t\000i\000o\000n}{section.3.2}
\BOOKMARK [3][-]{subsubsection.3.2.2.1}{\376\377\000b\000t\000o\000r\000c}{subsection.3.2.2}
\BOOKMARK [3][-]{subsubsection.3.2.2.2}{\376\377\000c\000h\000o\000p}{subsection.3.2.2}
\BOOKMARK [3][-]{subsubsection.3.2.2.3}{\376\377\000d\000a\000t\000e}{subsection.3.2.2}
\BOOKMARK [3][-]{subsubsection.3.2.2.4}{\376\377\000f\000f\000g}{subsection.3.2.2}
\BOOKMARK [3][-]{subsubsection.3.2.2.5}{\376\377\000f\000g}{subsection.3.2.2}
\BOOKMARK [3][-]{subsubsection.3.2.2.6}{\376\377\000p\000f\000m}{subsection.3.2.2}
\BOOKMARK [3][-]{subsubsection.3.2.2.7}{\376\377\000p\000g}{subsection.3.2.2}
\BOOKMARK [3][-]{subsubsection.3.2.2.8}{\376\377\000p\000p\000g}{subsection.3.2.2}
\BOOKMARK [3][-]{subsubsection.3.2.2.9}{\376\377\000p\000s\000i\000l\000i\000m}{subsection.3.2.2}
\BOOKMARK [3][-]{subsubsection.3.2.2.10}{\376\377\000p\000s\000i\000m\000i\000n}{subsection.3.2.2}
\BOOKMARK [3][-]{subsubsection.3.2.2.11}{\376\377\000r\000c\000n\000t\000c}{subsection.3.2.2}
\BOOKMARK [3][-]{subsubsection.3.2.2.12}{\376\377\000r\000d\000i\000m}{subsection.3.2.2}
\BOOKMARK [3][-]{subsubsection.3.2.2.13}{\376\377\000r\000e\000d\000g\000e}{subsection.3.2.2}
\BOOKMARK [3][-]{subsubsection.3.2.2.14}{\376\377\000r\000g\000r}{subsection.3.2.2}
\BOOKMARK [3][-]{subsubsection.3.2.2.15}{\376\377\000r\000m\000a}{subsection.3.2.2}
\BOOKMARK [3][-]{subsubsection.3.2.2.16}{\376\377\000t\000i\000t\000l\000e}{subsection.3.2.2}
\BOOKMARK [3][-]{subsubsection.3.2.2.17}{\376\377\000z\000d\000i\000m}{subsection.3.2.2}
\BOOKMARK [3][-]{subsubsection.3.2.2.18}{\376\377\000z\000g\000r}{subsection.3.2.2}
\BOOKMARK [3][-]{subsubsection.3.2.2.19}{\376\377\000z\000m\000a}{subsection.3.2.2}
\BOOKMARK [3][-]{subsubsection.3.2.2.20}{\376\377\000z\000m\000s\000m\000i\000d}{subsection.3.2.2}
\BOOKMARK [1][-]{section.3.3}{\376\377\000d\000g\0002\000d\000g\000\040\000M\000o\000d\000u\000l\000e\000\040\000R\000e\000f\000e\000r\000e\000n\000c\000e}{chapter.3}
\BOOKMARK [2][-]{subsection.3.3.1}{\376\377\000D\000e\000t\000a\000i\000l\000e\000d\000\040\000D\000e\000s\000c\000r\000i\000p\000t\000i\000o\000n}{section.3.3}
\BOOKMARK [2][-]{subsection.3.3.2}{\376\377\000V\000a\000r\000i\000a\000b\000l\000e\000\040\000D\000o\000c\000u\000m\000e\000n\000t\000a\000t\000i\000o\000n}{section.3.3}
\BOOKMARK [3][-]{subsubsection.3.3.2.1}{\376\377\000b\000t\000o\000r\000c}{subsection.3.3.2}
\BOOKMARK [3][-]{subsubsection.3.3.2.2}{\376\377\000i}{subsection.3.3.2}
\BOOKMARK [3][-]{subsubsection.3.3.2.3}{\376\377\000i\000r\000e\000t}{subsection.3.3.2}
\BOOKMARK [3][-]{subsubsection.3.3.2.4}{\376\377\000j}{subsection.3.3.2}
\BOOKMARK [3][-]{subsubsection.3.3.2.5}{\376\377\000n\000g\000p\000r}{subsection.3.3.2}
\BOOKMARK [3][-]{subsubsection.3.3.2.6}{\376\377\000n\000g\000p\000z}{subsection.3.3.2}
\BOOKMARK [3][-]{subsubsection.3.3.2.7}{\376\377\000n\000r}{subsection.3.3.2}
\BOOKMARK [3][-]{subsubsection.3.3.2.8}{\376\377\000n\000z}{subsection.3.3.2}
\BOOKMARK [3][-]{subsubsection.3.3.2.9}{\376\377\000p\000f\000m}{subsection.3.3.2}
\BOOKMARK [3][-]{subsubsection.3.3.2.10}{\376\377\000p\000s\000i\000l\000i\000m}{subsection.3.3.2}
\BOOKMARK [3][-]{subsubsection.3.3.2.11}{\376\377\000p\000s\000i\000m\000i\000n}{subsection.3.3.2}
\BOOKMARK [3][-]{subsubsection.3.3.2.12}{\376\377\000r\000c\000n\000t\000c}{subsection.3.3.2}
\BOOKMARK [3][-]{subsubsection.3.3.2.13}{\376\377\000r\000g\000r}{subsection.3.3.2}
\BOOKMARK [3][-]{subsubsection.3.3.2.14}{\376\377\000z\000g\000r}{subsection.3.3.2}
\BOOKMARK [1][-]{section.3.4}{\376\377\000d\000g\0002\000e\000f\000\040\000M\000o\000d\000u\000l\000e\000\040\000R\000e\000f\000e\000r\000e\000n\000c\000e}{chapter.3}
\BOOKMARK [2][-]{subsection.3.4.1}{\376\377\000D\000e\000t\000a\000i\000l\000e\000d\000\040\000D\000e\000s\000c\000r\000i\000p\000t\000i\000o\000n}{section.3.4}
\BOOKMARK [2][-]{subsection.3.4.2}{\376\377\000V\000a\000r\000i\000a\000b\000l\000e\000\040\000D\000o\000c\000u\000m\000e\000n\000t\000a\000t\000i\000o\000n}{section.3.4}
\BOOKMARK [3][-]{subsubsection.3.4.2.1}{\376\377\000b\000t\000o\000r\000c}{subsection.3.4.2}
\BOOKMARK [3][-]{subsubsection.3.4.2.2}{\376\377\000d\000a\000t\000e}{subsection.3.4.2}
\BOOKMARK [3][-]{subsubsection.3.4.2.3}{\376\377\000f\000f\000g}{subsection.3.4.2}
\BOOKMARK [3][-]{subsubsection.3.4.2.4}{\376\377\000f\000g}{subsection.3.4.2}
\BOOKMARK [3][-]{subsubsection.3.4.2.5}{\376\377\000p\000f\000m}{subsection.3.4.2}
\BOOKMARK [3][-]{subsubsection.3.4.2.6}{\376\377\000p\000g}{subsection.3.4.2}
\BOOKMARK [3][-]{subsubsection.3.4.2.7}{\376\377\000p\000p\000g}{subsection.3.4.2}
\BOOKMARK [3][-]{subsubsection.3.4.2.8}{\376\377\000p\000s\000i\000l\000i\000m}{subsection.3.4.2}
\BOOKMARK [3][-]{subsubsection.3.4.2.9}{\376\377\000p\000s\000i\000m\000i\000n}{subsection.3.4.2}
\BOOKMARK [3][-]{subsubsection.3.4.2.10}{\376\377\000r\000c\000n\000t\000c}{subsection.3.4.2}
\BOOKMARK [3][-]{subsubsection.3.4.2.11}{\376\377\000r\000d\000i\000m}{subsection.3.4.2}
\BOOKMARK [3][-]{subsubsection.3.4.2.12}{\376\377\000r\000e\000d\000g\000e}{subsection.3.4.2}
\BOOKMARK [3][-]{subsubsection.3.4.2.13}{\376\377\000r\000g\000r}{subsection.3.4.2}
\BOOKMARK [3][-]{subsubsection.3.4.2.14}{\376\377\000r\000m\000a}{subsection.3.4.2}
\BOOKMARK [3][-]{subsubsection.3.4.2.15}{\376\377\000t\000i\000t\000l\000e}{subsection.3.4.2}
\BOOKMARK [3][-]{subsubsection.3.4.2.16}{\376\377\000z\000d\000i\000m}{subsection.3.4.2}
\BOOKMARK [3][-]{subsubsection.3.4.2.17}{\376\377\000z\000g\000r}{subsection.3.4.2}
\BOOKMARK [3][-]{subsubsection.3.4.2.18}{\376\377\000z\000m\000a}{subsection.3.4.2}
\BOOKMARK [3][-]{subsubsection.3.4.2.19}{\376\377\000z\000m\000s\000m\000i\000d}{subsection.3.4.2}
\BOOKMARK [1][-]{section.3.5}{\376\377\000d\000g\0002\000v\000r\000\040\000M\000o\000d\000u\000l\000e\000\040\000R\000e\000f\000e\000r\000e\000n\000c\000e}{chapter.3}
\BOOKMARK [2][-]{subsection.3.5.1}{\376\377\000D\000e\000t\000a\000i\000l\000e\000d\000\040\000D\000e\000s\000c\000r\000i\000p\000t\000i\000o\000n}{section.3.5}
\BOOKMARK [2][-]{subsection.3.5.2}{\376\377\000V\000a\000r\000i\000a\000b\000l\000e\000\040\000D\000o\000c\000u\000m\000e\000n\000t\000a\000t\000i\000o\000n}{section.3.5}
\BOOKMARK [3][-]{subsubsection.3.5.2.1}{\376\377\000b\000t\000o\000r\000c}{subsection.3.5.2}
\BOOKMARK [3][-]{subsubsection.3.5.2.2}{\376\377\000p\000f\000m}{subsection.3.5.2}
\BOOKMARK [3][-]{subsubsection.3.5.2.3}{\376\377\000p\000s\000i\000l\000i\000m}{subsection.3.5.2}
\BOOKMARK [3][-]{subsubsection.3.5.2.4}{\376\377\000r\000c\000n\000t\000c}{subsection.3.5.2}
\BOOKMARK [3][-]{subsubsection.3.5.2.5}{\376\377\000r\000g\000r}{subsection.3.5.2}
\BOOKMARK [3][-]{subsubsection.3.5.2.6}{\376\377\000z\000g\000r}{subsection.3.5.2}
\BOOKMARK [1][-]{section.3.6}{\376\377\000d\000g\000\137\000a\000r\000i\000t\000h\000\137\000d\000g\000\040\000M\000o\000d\000u\000l\000e\000\040\000R\000e\000f\000e\000r\000e\000n\000c\000e}{chapter.3}
\BOOKMARK [2][-]{subsection.3.6.1}{\376\377\000D\000e\000t\000a\000i\000l\000e\000d\000\040\000D\000e\000s\000c\000r\000i\000p\000t\000i\000o\000n}{section.3.6}
\BOOKMARK [2][-]{subsection.3.6.2}{\376\377\000V\000a\000r\000i\000a\000b\000l\000e\000\040\000D\000o\000c\000u\000m\000e\000n\000t\000a\000t\000i\000o\000n}{section.3.6}
\BOOKMARK [3][-]{subsubsection.3.6.2.1}{\376\377\000b\000t\000o\000r\000c}{subsection.3.6.2}
\BOOKMARK [3][-]{subsubsection.3.6.2.2}{\376\377\000f\000i\000l\000e\000n\000a\000m\000e}{subsection.3.6.2}
\BOOKMARK [3][-]{subsubsection.3.6.2.3}{\376\377\000p\000f\000m}{subsection.3.6.2}
\BOOKMARK [3][-]{subsubsection.3.6.2.4}{\376\377\000p\000s\000i\000l\000i\000m}{subsection.3.6.2}
\BOOKMARK [3][-]{subsubsection.3.6.2.5}{\376\377\000r\000c\000n\000t\000c}{subsection.3.6.2}
\BOOKMARK [3][-]{subsubsection.3.6.2.6}{\376\377\000r\000g\000r}{subsection.3.6.2}
\BOOKMARK [3][-]{subsubsection.3.6.2.7}{\376\377\000s\000h\000i\000f\000t}{subsection.3.6.2}
\BOOKMARK [3][-]{subsubsection.3.6.2.8}{\376\377\000z\000g\000r}{subsection.3.6.2}
\BOOKMARK [1][-]{section.3.7}{\376\377\000d\000g\000\137\000m\000i\000n\000u\000s\000p\000s\000i\000\137\000d\000g\000\040\000M\000o\000d\000u\000l\000e\000\040\000R\000e\000f\000e\000r\000e\000n\000c\000e}{chapter.3}
\BOOKMARK [2][-]{subsection.3.7.1}{\376\377\000D\000e\000t\000a\000i\000l\000e\000d\000\040\000D\000e\000s\000c\000r\000i\000p\000t\000i\000o\000n}{section.3.7}
\BOOKMARK [2][-]{subsection.3.7.2}{\376\377\000V\000a\000r\000i\000a\000b\000l\000e\000\040\000D\000o\000c\000u\000m\000e\000n\000t\000a\000t\000i\000o\000n}{section.3.7}
\BOOKMARK [3][-]{subsubsection.3.7.2.1}{\376\377\000b\000t\000o\000r\000c}{subsection.3.7.2}
\BOOKMARK [3][-]{subsubsection.3.7.2.2}{\376\377\000f\000i\000l\000e\000n\000a\000m\000e}{subsection.3.7.2}
\BOOKMARK [3][-]{subsubsection.3.7.2.3}{\376\377\000p\000f\000m}{subsection.3.7.2}
\BOOKMARK [3][-]{subsubsection.3.7.2.4}{\376\377\000p\000s\000i\000l\000i\000m}{subsection.3.7.2}
\BOOKMARK [3][-]{subsubsection.3.7.2.5}{\376\377\000r\000c\000n\000t\000c}{subsection.3.7.2}
\BOOKMARK [3][-]{subsubsection.3.7.2.6}{\376\377\000r\000g\000r}{subsection.3.7.2}
\BOOKMARK [3][-]{subsubsection.3.7.2.7}{\376\377\000s\000h\000i\000f\000t}{subsection.3.7.2}
\BOOKMARK [3][-]{subsubsection.3.7.2.8}{\376\377\000z\000g\000r}{subsection.3.7.2}
\BOOKMARK [1][-]{section.3.8}{\376\377\000d\000g\000\137\000p\000r\000o\000c\000\137\000d\000g\000\040\000M\000o\000d\000u\000l\000e\000\040\000R\000e\000f\000e\000r\000e\000n\000c\000e}{chapter.3}
\BOOKMARK [2][-]{subsection.3.8.1}{\376\377\000D\000e\000t\000a\000i\000l\000e\000d\000\040\000D\000e\000s\000c\000r\000i\000p\000t\000i\000o\000n}{section.3.8}
\BOOKMARK [2][-]{subsection.3.8.2}{\376\377\000V\000a\000r\000i\000a\000b\000l\000e\000\040\000D\000o\000c\000u\000m\000e\000n\000t\000a\000t\000i\000o\000n}{section.3.8}
\BOOKMARK [3][-]{subsubsection.3.8.2.1}{\376\377\000b\000t\000o\000r\000c}{subsection.3.8.2}
\BOOKMARK [3][-]{subsubsection.3.8.2.2}{\376\377\000c\000h\000o\000p}{subsection.3.8.2}
\BOOKMARK [3][-]{subsubsection.3.8.2.3}{\376\377\000f\000i\000l\000e\000n\000a\000m\000e}{subsection.3.8.2}
\BOOKMARK [3][-]{subsubsection.3.8.2.4}{\376\377\000p\000f\000m}{subsection.3.8.2}
\BOOKMARK [3][-]{subsubsection.3.8.2.5}{\376\377\000p\000s\000i\000l\000i\000m}{subsection.3.8.2}
\BOOKMARK [3][-]{subsubsection.3.8.2.6}{\376\377\000r\000c\000n\000t\000c}{subsection.3.8.2}
\BOOKMARK [3][-]{subsubsection.3.8.2.7}{\376\377\000r\000g\000r}{subsection.3.8.2}
\BOOKMARK [3][-]{subsubsection.3.8.2.8}{\376\377\000s\000h\000i\000f\000t}{subsection.3.8.2}
\BOOKMARK [3][-]{subsubsection.3.8.2.9}{\376\377\000z\000g\000r}{subsection.3.8.2}
\BOOKMARK [1][-]{section.3.9}{\376\377\000d\000i\000v\000a\0002\000d\000g\000\040\000M\000o\000d\000u\000l\000e\000\040\000R\000e\000f\000e\000r\000e\000n\000c\000e}{chapter.3}
\BOOKMARK [2][-]{subsection.3.9.1}{\376\377\000D\000e\000t\000a\000i\000l\000e\000d\000\040\000D\000e\000s\000c\000r\000i\000p\000t\000i\000o\000n}{section.3.9}
\BOOKMARK [2][-]{subsection.3.9.2}{\376\377\000V\000a\000r\000i\000a\000b\000l\000e\000\040\000D\000o\000c\000u\000m\000e\000n\000t\000a\000t\000i\000o\000n}{section.3.9}
\BOOKMARK [3][-]{subsubsection.3.9.2.1}{\376\377\000a\000p\000f}{subsection.3.9.2}
\BOOKMARK [3][-]{subsubsection.3.9.2.2}{\376\377\000B\000t}{subsection.3.9.2}
\BOOKMARK [3][-]{subsubsection.3.9.2.3}{\376\377\000b\000t\000o\000r\000c}{subsection.3.9.2}
\BOOKMARK [3][-]{subsubsection.3.9.2.4}{\376\377\000d\000e\000r\000i\000v\000a\000t\000i\000v\000e}{subsection.3.9.2}
\BOOKMARK [3][-]{subsubsection.3.9.2.5}{\376\377\000f\000i\000l\000e\000n\000a\000m\000e}{subsection.3.9.2}
\BOOKMARK [3][-]{subsubsection.3.9.2.6}{\376\377\000g\000p\000r}{subsection.3.9.2}
\BOOKMARK [3][-]{subsubsection.3.9.2.7}{\376\377\000g\000p\000z}{subsection.3.9.2}
\BOOKMARK [3][-]{subsubsection.3.9.2.8}{\376\377\000p\000c}{subsection.3.9.2}
\BOOKMARK [3][-]{subsubsection.3.9.2.9}{\376\377\000p\000c\000d}{subsection.3.9.2}
\BOOKMARK [3][-]{subsubsection.3.9.2.10}{\376\377\000p\000f\000l}{subsection.3.9.2}
\BOOKMARK [3][-]{subsubsection.3.9.2.11}{\376\377\000p\000f\000m}{subsection.3.9.2}
\BOOKMARK [3][-]{subsubsection.3.9.2.12}{\376\377\000p\000r}{subsection.3.9.2}
\BOOKMARK [3][-]{subsubsection.3.9.2.13}{\376\377\000p\000r\000d}{subsection.3.9.2}
\BOOKMARK [3][-]{subsubsection.3.9.2.14}{\376\377\000q}{subsection.3.9.2}
\BOOKMARK [3][-]{subsubsection.3.9.2.15}{\376\377\000r\000c\000n\000t\000c}{subsection.3.9.2}
\BOOKMARK [3][-]{subsubsection.3.9.2.16}{\376\377\000x\000p\000f}{subsection.3.9.2}
\BOOKMARK [1][-]{section.3.10}{\376\377\000e\000f\0002\000d\000g\000\040\000M\000o\000d\000u\000l\000e\000\040\000R\000e\000f\000e\000r\000e\000n\000c\000e}{chapter.3}
\BOOKMARK [2][-]{subsection.3.10.1}{\376\377\000D\000e\000t\000a\000i\000l\000e\000d\000\040\000D\000e\000s\000c\000r\000i\000p\000t\000i\000o\000n}{section.3.10}
\BOOKMARK [2][-]{subsection.3.10.2}{\376\377\000V\000a\000r\000i\000a\000b\000l\000e\000\040\000D\000o\000c\000u\000m\000e\000n\000t\000a\000t\000i\000o\000n}{section.3.10}
\BOOKMARK [3][-]{subsubsection.3.10.2.1}{\376\377\000b\000t\000o\000r\000c}{subsection.3.10.2}
\BOOKMARK [3][-]{subsubsection.3.10.2.2}{\376\377\000d\000a\000t\000e}{subsection.3.10.2}
\BOOKMARK [3][-]{subsubsection.3.10.2.3}{\376\377\000f\000f\000g}{subsection.3.10.2}
\BOOKMARK [3][-]{subsubsection.3.10.2.4}{\376\377\000f\000g}{subsection.3.10.2}
\BOOKMARK [3][-]{subsubsection.3.10.2.5}{\376\377\000p\000f\000m}{subsection.3.10.2}
\BOOKMARK [3][-]{subsubsection.3.10.2.6}{\376\377\000p\000g}{subsection.3.10.2}
\BOOKMARK [3][-]{subsubsection.3.10.2.7}{\376\377\000p\000p\000g}{subsection.3.10.2}
\BOOKMARK [3][-]{subsubsection.3.10.2.8}{\376\377\000p\000s\000i\000l\000i\000m}{subsection.3.10.2}
\BOOKMARK [3][-]{subsubsection.3.10.2.9}{\376\377\000p\000s\000i\000m\000i\000n}{subsection.3.10.2}
\BOOKMARK [3][-]{subsubsection.3.10.2.10}{\376\377\000r\000c\000n\000t\000c}{subsection.3.10.2}
\BOOKMARK [3][-]{subsubsection.3.10.2.11}{\376\377\000r\000d\000i\000m}{subsection.3.10.2}
\BOOKMARK [3][-]{subsubsection.3.10.2.12}{\376\377\000r\000e\000d\000g\000e}{subsection.3.10.2}
\BOOKMARK [3][-]{subsubsection.3.10.2.13}{\376\377\000r\000g\000r}{subsection.3.10.2}
\BOOKMARK [3][-]{subsubsection.3.10.2.14}{\376\377\000r\000m\000a}{subsection.3.10.2}
\BOOKMARK [3][-]{subsubsection.3.10.2.15}{\376\377\000t\000i\000t\000l\000e}{subsection.3.10.2}
\BOOKMARK [3][-]{subsubsection.3.10.2.16}{\376\377\000z\000d\000i\000m}{subsection.3.10.2}
\BOOKMARK [3][-]{subsubsection.3.10.2.17}{\376\377\000z\000g\000r}{subsection.3.10.2}
\BOOKMARK [3][-]{subsubsection.3.10.2.18}{\376\377\000z\000m\000a}{subsection.3.10.2}
\BOOKMARK [3][-]{subsubsection.3.10.2.19}{\376\377\000z\000m\000s\000m\000i\000d}{subsection.3.10.2}
\BOOKMARK [1][-]{section.3.11}{\376\377\000J\000E\000T\000P\000P\000F\0002\000D\000G\000\040\000M\000o\000d\000u\000l\000e\000\040\000R\000e\000f\000e\000r\000e\000n\000c\000e}{chapter.3}
\BOOKMARK [2][-]{subsection.3.11.1}{\376\377\000D\000e\000t\000a\000i\000l\000e\000d\000\040\000D\000e\000s\000c\000r\000i\000p\000t\000i\000o\000n}{section.3.11}
\BOOKMARK [2][-]{subsection.3.11.2}{\376\377\000V\000a\000r\000i\000a\000b\000l\000e\000\040\000D\000o\000c\000u\000m\000e\000n\000t\000a\000t\000i\000o\000n}{section.3.11}
\BOOKMARK [3][-]{subsubsection.3.11.2.1}{\376\377\000a\000r\000g}{subsection.3.11.2}
\BOOKMARK [3][-]{subsubsection.3.11.2.2}{\376\377\000B\000R}{subsection.3.11.2}
\BOOKMARK [3][-]{subsubsection.3.11.2.3}{\376\377\000B\000T}{subsection.3.11.2}
\BOOKMARK [3][-]{subsubsection.3.11.2.4}{\376\377\000b\000t\000o\000r\000c}{subsection.3.11.2}
\BOOKMARK [3][-]{subsubsection.3.11.2.5}{\376\377\000B\000Z}{subsection.3.11.2}
\BOOKMARK [3][-]{subsubsection.3.11.2.6}{\376\377\000C\000O\000N\000V}{subsection.3.11.2}
\BOOKMARK [3][-]{subsubsection.3.11.2.7}{\376\377\000D\000D\000A}{subsection.3.11.2}
\BOOKMARK [3][-]{subsubsection.3.11.2.8}{\376\377\000D\000P\000S\000I}{subsection.3.11.2}
\BOOKMARK [3][-]{subsubsection.3.11.2.9}{\376\377\000E\000P\000S}{subsection.3.11.2}
\BOOKMARK [3][-]{subsubsection.3.11.2.10}{\376\377\000f\000i\000l\000e\000n\000a\000m\000e}{subsection.3.11.2}
\BOOKMARK [3][-]{subsubsection.3.11.2.11}{\376\377\000F\000P}{subsection.3.11.2}
\BOOKMARK [3][-]{subsubsection.3.11.2.12}{\376\377\000F\000P\000T}{subsection.3.11.2}
\BOOKMARK [3][-]{subsubsection.3.11.2.13}{\376\377\000i}{subsection.3.11.2}
\BOOKMARK [3][-]{subsubsection.3.11.2.14}{\376\377\000i\000a\000r\000g}{subsection.3.11.2}
\BOOKMARK [3][-]{subsubsection.3.11.2.15}{\376\377\000i\000a\000r\000g\000c}{subsection.3.11.2}
\BOOKMARK [3][-]{subsubsection.3.11.2.16}{\376\377\000I\000D\000U\000M}{subsection.3.11.2}
\BOOKMARK [3][-]{subsubsection.3.11.2.17}{\376\377\000I\000E\000R}{subsection.3.11.2}
\BOOKMARK [3][-]{subsubsection.3.11.2.18}{\376\377\000I\000E\000R\000R\000A}{subsection.3.11.2}
\BOOKMARK [3][-]{subsubsection.3.11.2.19}{\376\377\000I\000E\000R\000R\000O\000R}{subsection.3.11.2}
\BOOKMARK [3][-]{subsubsection.3.11.2.20}{\376\377\000I\000G\000O}{subsection.3.11.2}
\BOOKMARK [3][-]{subsubsection.3.11.2.21}{\376\377\000I\000R\000E\000A\000D}{subsection.3.11.2}
\BOOKMARK [3][-]{subsubsection.3.11.2.22}{\376\377\000i\000r\000e\000t}{subsection.3.11.2}
\BOOKMARK [3][-]{subsubsection.3.11.2.23}{\376\377\000I\000W\000R\000I\000T\000E}{subsection.3.11.2}
\BOOKMARK [3][-]{subsubsection.3.11.2.24}{\376\377\000j}{subsection.3.11.2}
\BOOKMARK [3][-]{subsubsection.3.11.2.25}{\376\377\000L\000F\000L\000U\000S\000H}{subsection.3.11.2}
\BOOKMARK [3][-]{subsubsection.3.11.2.26}{\376\377\000l\000n\000b\000l\000n\000k}{subsection.3.11.2}
\BOOKMARK [3][-]{subsubsection.3.11.2.27}{\376\377\000L\000U\000N\000M\000S\000G}{subsection.3.11.2}
\BOOKMARK [3][-]{subsubsection.3.11.2.28}{\376\377\000M\000R}{subsection.3.11.2}
\BOOKMARK [3][-]{subsubsection.3.11.2.29}{\376\377\000M\000S\000G}{subsection.3.11.2}
\BOOKMARK [3][-]{subsubsection.3.11.2.30}{\376\377\000M\000Z}{subsection.3.11.2}
\BOOKMARK [3][-]{subsubsection.3.11.2.31}{\376\377\000N\000P}{subsection.3.11.2}
\BOOKMARK [3][-]{subsubsection.3.11.2.32}{\376\377\000N\000R}{subsection.3.11.2}
\BOOKMARK [3][-]{subsubsection.3.11.2.33}{\376\377\000N\000S\000E\000Q}{subsection.3.11.2}
\BOOKMARK [3][-]{subsubsection.3.11.2.34}{\376\377\000N\000S\000H\000O\000T}{subsection.3.11.2}
\BOOKMARK [3][-]{subsubsection.3.11.2.35}{\376\377\000N\000X}{subsection.3.11.2}
\BOOKMARK [3][-]{subsubsection.3.11.2.36}{\376\377\000N\000Y}{subsection.3.11.2}
\BOOKMARK [3][-]{subsubsection.3.11.2.37}{\376\377\000N\000Z}{subsection.3.11.2}
\BOOKMARK [3][-]{subsubsection.3.11.2.38}{\376\377\000P\000P\000F\000U\000I\000D}{subsection.3.11.2}
\BOOKMARK [3][-]{subsubsection.3.11.2.39}{\376\377\000P\000S\000I}{subsection.3.11.2}
\BOOKMARK [3][-]{subsubsection.3.11.2.40}{\376\377\000P\000S\000I\0000}{subsection.3.11.2}
\BOOKMARK [3][-]{subsubsection.3.11.2.41}{\376\377\000P\000S\000I\000B}{subsection.3.11.2}
\BOOKMARK [3][-]{subsubsection.3.11.2.42}{\376\377\000p\000s\000i\000l\000i\000m}{subsection.3.11.2}
\BOOKMARK [3][-]{subsubsection.3.11.2.43}{\376\377\000R}{subsection.3.11.2}
\BOOKMARK [3][-]{subsubsection.3.11.2.44}{\376\377\000R\0001}{subsection.3.11.2}
\BOOKMARK [3][-]{subsubsection.3.11.2.45}{\376\377\000R\0002}{subsection.3.11.2}
\BOOKMARK [3][-]{subsubsection.3.11.2.46}{\376\377\000R\000A\000T\000I\000O\000X}{subsection.3.11.2}
\BOOKMARK [3][-]{subsubsection.3.11.2.47}{\376\377\000R\000A\000T\000I\000O\000Y}{subsection.3.11.2}
\BOOKMARK [3][-]{subsubsection.3.11.2.48}{\376\377\000R\000B\000T\000O\000R}{subsection.3.11.2}
\BOOKMARK [3][-]{subsubsection.3.11.2.49}{\376\377\000r\000c\000n\000t\000c}{subsection.3.11.2}
\BOOKMARK [3][-]{subsubsection.3.11.2.50}{\376\377\000T\000I\000M\000E}{subsection.3.11.2}
\BOOKMARK [3][-]{subsubsection.3.11.2.51}{\376\377\000T\000S\000H\000O\000T}{subsection.3.11.2}
\BOOKMARK [3][-]{subsubsection.3.11.2.52}{\376\377\000T\000W\000O\000P\000I}{subsection.3.11.2}
\BOOKMARK [3][-]{subsubsection.3.11.2.53}{\376\377\000W\000I\000D\000T\000H}{subsection.3.11.2}
\BOOKMARK [3][-]{subsubsection.3.11.2.54}{\376\377\000Z}{subsection.3.11.2}
\BOOKMARK [3][-]{subsubsection.3.11.2.55}{\376\377\000Z\0001}{subsection.3.11.2}
\BOOKMARK [3][-]{subsubsection.3.11.2.56}{\376\377\000Z\0002}{subsection.3.11.2}
\BOOKMARK [1][-]{section.3.12}{\376\377\000j\000t\0002\000d\000g\000\040\000M\000o\000d\000u\000l\000e\000\040\000R\000e\000f\000e\000r\000e\000n\000c\000e}{chapter.3}
\BOOKMARK [2][-]{subsection.3.12.1}{\376\377\000D\000e\000t\000a\000i\000l\000e\000d\000\040\000D\000e\000s\000c\000r\000i\000p\000t\000i\000o\000n}{section.3.12}
\BOOKMARK [2][-]{subsection.3.12.2}{\376\377\000V\000a\000r\000i\000a\000b\000l\000e\000\040\000D\000o\000c\000u\000m\000e\000n\000t\000a\000t\000i\000o\000n}{section.3.12}
\BOOKMARK [3][-]{subsubsection.3.12.2.1}{\376\377\000b\000t\000o\000r\000c}{subsection.3.12.2}
\BOOKMARK [3][-]{subsubsection.3.12.2.2}{\376\377\000d\000a\000t\000e}{subsection.3.12.2}
\BOOKMARK [3][-]{subsubsection.3.12.2.3}{\376\377\000f\000f\000g}{subsection.3.12.2}
\BOOKMARK [3][-]{subsubsection.3.12.2.4}{\376\377\000f\000g}{subsection.3.12.2}
\BOOKMARK [3][-]{subsubsection.3.12.2.5}{\376\377\000p\000f\000m}{subsection.3.12.2}
\BOOKMARK [3][-]{subsubsection.3.12.2.6}{\376\377\000p\000g}{subsection.3.12.2}
\BOOKMARK [3][-]{subsubsection.3.12.2.7}{\376\377\000p\000p\000g}{subsection.3.12.2}
\BOOKMARK [3][-]{subsubsection.3.12.2.8}{\376\377\000p\000s\000i\000l\000i\000m}{subsection.3.12.2}
\BOOKMARK [3][-]{subsubsection.3.12.2.9}{\376\377\000p\000s\000i\000m\000i\000n}{subsection.3.12.2}
\BOOKMARK [3][-]{subsubsection.3.12.2.10}{\376\377\000r\000c\000n\000t\000c}{subsection.3.12.2}
\BOOKMARK [3][-]{subsubsection.3.12.2.11}{\376\377\000r\000d\000i\000m}{subsection.3.12.2}
\BOOKMARK [3][-]{subsubsection.3.12.2.12}{\376\377\000r\000e\000d\000g\000e}{subsection.3.12.2}
\BOOKMARK [3][-]{subsubsection.3.12.2.13}{\376\377\000r\000g\000r}{subsection.3.12.2}
\BOOKMARK [3][-]{subsubsection.3.12.2.14}{\376\377\000r\000m\000a}{subsection.3.12.2}
\BOOKMARK [3][-]{subsubsection.3.12.2.15}{\376\377\000t\000i\000t\000l\000e}{subsection.3.12.2}
\BOOKMARK [3][-]{subsubsection.3.12.2.16}{\376\377\000z\000d\000i\000m}{subsection.3.12.2}
\BOOKMARK [3][-]{subsubsection.3.12.2.17}{\376\377\000z\000g\000r}{subsection.3.12.2}
\BOOKMARK [3][-]{subsubsection.3.12.2.18}{\376\377\000z\000m\000a}{subsection.3.12.2}
\BOOKMARK [3][-]{subsubsection.3.12.2.19}{\376\377\000z\000m\000s\000m\000i\000d}{subsection.3.12.2}
\BOOKMARK [1][-]{section.3.13}{\376\377\000n\000k\0002\000d\000g\000\040\000M\000o\000d\000u\000l\000e\000\040\000R\000e\000f\000e\000r\000e\000n\000c\000e}{chapter.3}
\BOOKMARK [2][-]{subsection.3.13.1}{\376\377\000D\000e\000t\000a\000i\000l\000e\000d\000\040\000D\000e\000s\000c\000r\000i\000p\000t\000i\000o\000n}{section.3.13}
\BOOKMARK [2][-]{subsection.3.13.2}{\376\377\000V\000a\000r\000i\000a\000b\000l\000e\000\040\000D\000o\000c\000u\000m\000e\000n\000t\000a\000t\000i\000o\000n}{section.3.13}
\BOOKMARK [3][-]{subsubsection.3.13.2.1}{\376\377\000b\000t\000o\000r\000c}{subsection.3.13.2}
\BOOKMARK [3][-]{subsubsection.3.13.2.2}{\376\377\000d\000e\000l\000r}{subsection.3.13.2}
\BOOKMARK [3][-]{subsubsection.3.13.2.3}{\376\377\000d\000e\000l\000z}{subsection.3.13.2}
\BOOKMARK [3][-]{subsubsection.3.13.2.4}{\376\377\000f\000g}{subsection.3.13.2}
\BOOKMARK [3][-]{subsubsection.3.13.2.5}{\376\377\000p\000f\000m}{subsection.3.13.2}
\BOOKMARK [3][-]{subsubsection.3.13.2.6}{\376\377\000p\000s\000i\000l\000i\000m}{subsection.3.13.2}
\BOOKMARK [3][-]{subsubsection.3.13.2.7}{\376\377\000r\000c\000n\000t\000c}{subsection.3.13.2}
\BOOKMARK [3][-]{subsubsection.3.13.2.8}{\376\377\000r\000g\000r}{subsection.3.13.2}
\BOOKMARK [3][-]{subsubsection.3.13.2.9}{\376\377\000r\000m\000a\000x}{subsection.3.13.2}
\BOOKMARK [3][-]{subsubsection.3.13.2.10}{\376\377\000r\000m\000i\000n}{subsection.3.13.2}
\BOOKMARK [3][-]{subsubsection.3.13.2.11}{\376\377\000z\000g\000r}{subsection.3.13.2}
\BOOKMARK [3][-]{subsubsection.3.13.2.12}{\376\377\000z\000m\000a\000x}{subsection.3.13.2}
\BOOKMARK [3][-]{subsubsection.3.13.2.13}{\376\377\000z\000m\000i\000n}{subsection.3.13.2}
\BOOKMARK [1][-]{section.3.14}{\376\377\000n\000k\000n\0002\000d\000g\000\040\000M\000o\000d\000u\000l\000e\000\040\000R\000e\000f\000e\000r\000e\000n\000c\000e}{chapter.3}
\BOOKMARK [2][-]{subsection.3.14.1}{\376\377\000D\000e\000t\000a\000i\000l\000e\000d\000\040\000D\000e\000s\000c\000r\000i\000p\000t\000i\000o\000n}{section.3.14}
\BOOKMARK [2][-]{subsection.3.14.2}{\376\377\000V\000a\000r\000i\000a\000b\000l\000e\000\040\000D\000o\000c\000u\000m\000e\000n\000t\000a\000t\000i\000o\000n}{section.3.14}
\BOOKMARK [3][-]{subsubsection.3.14.2.1}{\376\377\000b\000t\000o\000r\000c}{subsection.3.14.2}
\BOOKMARK [3][-]{subsubsection.3.14.2.2}{\376\377\000d\000e\000l\000r}{subsection.3.14.2}
\BOOKMARK [3][-]{subsubsection.3.14.2.3}{\376\377\000d\000e\000l\000z}{subsection.3.14.2}
\BOOKMARK [3][-]{subsubsection.3.14.2.4}{\376\377\000f\000g}{subsection.3.14.2}
\BOOKMARK [3][-]{subsubsection.3.14.2.5}{\376\377\000p\000f\000m}{subsection.3.14.2}
\BOOKMARK [3][-]{subsubsection.3.14.2.6}{\376\377\000p\000s\000i\000l\000i\000m}{subsection.3.14.2}
\BOOKMARK [3][-]{subsubsection.3.14.2.7}{\376\377\000r\000c\000n\000t\000c}{subsection.3.14.2}
\BOOKMARK [3][-]{subsubsection.3.14.2.8}{\376\377\000r\000g\000r}{subsection.3.14.2}
\BOOKMARK [3][-]{subsubsection.3.14.2.9}{\376\377\000r\000m\000a\000x}{subsection.3.14.2}
\BOOKMARK [3][-]{subsubsection.3.14.2.10}{\376\377\000r\000m\000i\000n}{subsection.3.14.2}
\BOOKMARK [3][-]{subsubsection.3.14.2.11}{\376\377\000z\000g\000r}{subsection.3.14.2}
\BOOKMARK [3][-]{subsubsection.3.14.2.12}{\376\377\000z\000m\000a\000x}{subsection.3.14.2}
\BOOKMARK [3][-]{subsubsection.3.14.2.13}{\376\377\000z\000m\000i\000n}{subsection.3.14.2}
\BOOKMARK [1][-]{section.3.15}{\376\377\000p\000b\0002\000d\000g\000\040\000M\000o\000d\000u\000l\000e\000\040\000R\000e\000f\000e\000r\000e\000n\000c\000e}{chapter.3}
\BOOKMARK [2][-]{subsection.3.15.1}{\376\377\000D\000e\000t\000a\000i\000l\000e\000d\000\040\000D\000e\000s\000c\000r\000i\000p\000t\000i\000o\000n}{section.3.15}
\BOOKMARK [2][-]{subsection.3.15.2}{\376\377\000V\000a\000r\000i\000a\000b\000l\000e\000\040\000D\000o\000c\000u\000m\000e\000n\000t\000a\000t\000i\000o\000n}{section.3.15}
\BOOKMARK [3][-]{subsubsection.3.15.2.1}{\376\377\000b\000t\000o\000r\000c}{subsection.3.15.2}
\BOOKMARK [3][-]{subsubsection.3.15.2.2}{\376\377\000f\000f\000g}{subsection.3.15.2}
\BOOKMARK [3][-]{subsubsection.3.15.2.3}{\376\377\000f\000g}{subsection.3.15.2}
\BOOKMARK [3][-]{subsubsection.3.15.2.4}{\376\377\000p\000f\000m}{subsection.3.15.2}
\BOOKMARK [3][-]{subsubsection.3.15.2.5}{\376\377\000p\000g}{subsection.3.15.2}
\BOOKMARK [3][-]{subsubsection.3.15.2.6}{\376\377\000p\000i}{subsection.3.15.2}
\BOOKMARK [3][-]{subsubsection.3.15.2.7}{\376\377\000p\000p\000g}{subsection.3.15.2}
\BOOKMARK [3][-]{subsubsection.3.15.2.8}{\376\377\000p\000s\000i\000l\000i\000m}{subsection.3.15.2}
\BOOKMARK [3][-]{subsubsection.3.15.2.9}{\376\377\000r\000c\000n\000t\000c}{subsection.3.15.2}
\BOOKMARK [3][-]{subsubsection.3.15.2.10}{\376\377\000r\000g\000r}{subsection.3.15.2}
\BOOKMARK [3][-]{subsubsection.3.15.2.11}{\376\377\000z\000g\000r}{subsection.3.15.2}
\BOOKMARK [1][-]{section.3.16}{\376\377\000p\000r\000i\000n\000e\000q\000u\000\040\000M\000o\000d\000u\000l\000e\000\040\000R\000e\000f\000e\000r\000e\000n\000c\000e}{chapter.3}
\BOOKMARK [2][-]{subsection.3.16.1}{\376\377\000D\000e\000t\000a\000i\000l\000e\000d\000\040\000D\000e\000s\000c\000r\000i\000p\000t\000i\000o\000n}{section.3.16}
\BOOKMARK [2][-]{subsection.3.16.2}{\376\377\000V\000a\000r\000i\000a\000b\000l\000e\000\040\000D\000o\000c\000u\000m\000e\000n\000t\000a\000t\000i\000o\000n}{section.3.16}
\BOOKMARK [3][-]{subsubsection.3.16.2.1}{\376\377\000b\000t\000o\000r\000c}{subsection.3.16.2}
\BOOKMARK [3][-]{subsubsection.3.16.2.2}{\376\377\000d\000a\000t\000e}{subsection.3.16.2}
\BOOKMARK [3][-]{subsubsection.3.16.2.3}{\376\377\000f\000f\000g}{subsection.3.16.2}
\BOOKMARK [3][-]{subsubsection.3.16.2.4}{\376\377\000f\000g}{subsection.3.16.2}
\BOOKMARK [3][-]{subsubsection.3.16.2.5}{\376\377\000p\000a\000g\000e}{subsection.3.16.2}
\BOOKMARK [3][-]{subsubsection.3.16.2.6}{\376\377\000p\000f\000m}{subsection.3.16.2}
\BOOKMARK [3][-]{subsubsection.3.16.2.7}{\376\377\000p\000g}{subsection.3.16.2}
\BOOKMARK [3][-]{subsubsection.3.16.2.8}{\376\377\000p\000p\000g}{subsection.3.16.2}
\BOOKMARK [3][-]{subsubsection.3.16.2.9}{\376\377\000p\000s\000i\000l\000i\000m}{subsection.3.16.2}
\BOOKMARK [3][-]{subsubsection.3.16.2.10}{\376\377\000p\000s\000i\000m\000i\000n}{subsection.3.16.2}
\BOOKMARK [3][-]{subsubsection.3.16.2.11}{\376\377\000r\000c\000n\000t\000c}{subsection.3.16.2}
\BOOKMARK [3][-]{subsubsection.3.16.2.12}{\376\377\000r\000d\000i\000m}{subsection.3.16.2}
\BOOKMARK [3][-]{subsubsection.3.16.2.13}{\376\377\000r\000e\000d\000g\000e}{subsection.3.16.2}
\BOOKMARK [3][-]{subsubsection.3.16.2.14}{\376\377\000r\000g\000r}{subsection.3.16.2}
\BOOKMARK [3][-]{subsubsection.3.16.2.15}{\376\377\000r\000m\000a}{subsection.3.16.2}
\BOOKMARK [3][-]{subsubsection.3.16.2.16}{\376\377\000t\000i\000t\000l\000e}{subsection.3.16.2}
\BOOKMARK [3][-]{subsubsection.3.16.2.17}{\376\377\000z\000d\000i\000m}{subsection.3.16.2}
\BOOKMARK [3][-]{subsubsection.3.16.2.18}{\376\377\000z\000g\000r}{subsection.3.16.2}
\BOOKMARK [3][-]{subsubsection.3.16.2.19}{\376\377\000z\000m\000a}{subsection.3.16.2}
\BOOKMARK [3][-]{subsubsection.3.16.2.20}{\376\377\000z\000m\000s\000m\000i\000d}{subsection.3.16.2}
\BOOKMARK [1][-]{section.3.17}{\376\377\000p\000t\0002\000d\000g\000\040\000M\000o\000d\000u\000l\000e\000\040\000R\000e\000f\000e\000r\000e\000n\000c\000e}{chapter.3}
\BOOKMARK [2][-]{subsection.3.17.1}{\376\377\000D\000e\000t\000a\000i\000l\000e\000d\000\040\000D\000e\000s\000c\000r\000i\000p\000t\000i\000o\000n}{section.3.17}
\BOOKMARK [2][-]{subsection.3.17.2}{\376\377\000V\000a\000r\000i\000a\000b\000l\000e\000\040\000D\000o\000c\000u\000m\000e\000n\000t\000a\000t\000i\000o\000n}{section.3.17}
\BOOKMARK [3][-]{subsubsection.3.17.2.1}{\376\377\000e\000x}{subsection.3.17.2}
\BOOKMARK [3][-]{subsubsection.3.17.2.2}{\376\377\000e\000x\000i}{subsection.3.17.2}
\BOOKMARK [3][-]{subsubsection.3.17.2.3}{\376\377\000h\000l\000p\000\137\000t\000x\000t}{subsection.3.17.2}
\BOOKMARK [3][-]{subsubsection.3.17.2.4}{\376\377\000i\000n\000\137\000m\000e\000s\000h}{subsection.3.17.2}
\BOOKMARK [3][-]{subsubsection.3.17.2.5}{\376\377\000i\000n\000\137\000p\000s\000i}{subsection.3.17.2}
\BOOKMARK [3][-]{subsubsection.3.17.2.6}{\376\377\000o\000u\000t\000\137\000f\000i\000l\000e}{subsection.3.17.2}
\BOOKMARK [1][-]{section.3.18}{\376\377\000r\000i\000s\000e\000p\000s\000i\000\040\000M\000o\000d\000u\000l\000e\000\040\000R\000e\000f\000e\000r\000e\000n\000c\000e}{chapter.3}
\BOOKMARK [2][-]{subsection.3.18.1}{\376\377\000D\000e\000t\000a\000i\000l\000e\000d\000\040\000D\000e\000s\000c\000r\000i\000p\000t\000i\000o\000n}{section.3.18}
\BOOKMARK [2][-]{subsection.3.18.2}{\376\377\000V\000a\000r\000i\000a\000b\000l\000e\000\040\000D\000o\000c\000u\000m\000e\000n\000t\000a\000t\000i\000o\000n}{section.3.18}
\BOOKMARK [3][-]{subsubsection.3.18.2.1}{\376\377\000b\000t\000o\000r\000c}{subsection.3.18.2}
\BOOKMARK [3][-]{subsubsection.3.18.2.2}{\376\377\000p\000f\000m}{subsection.3.18.2}
\BOOKMARK [3][-]{subsubsection.3.18.2.3}{\376\377\000p\000s\000i\000l\000i\000m}{subsection.3.18.2}
\BOOKMARK [3][-]{subsubsection.3.18.2.4}{\376\377\000r\000c\000n\000t\000c}{subsection.3.18.2}
\BOOKMARK [3][-]{subsubsection.3.18.2.5}{\376\377\000r\000g\000r}{subsection.3.18.2}
\BOOKMARK [3][-]{subsubsection.3.18.2.6}{\376\377\000s\000h\000i\000f\000t}{subsection.3.18.2}
\BOOKMARK [3][-]{subsubsection.3.18.2.7}{\376\377\000z\000g\000r}{subsection.3.18.2}
\BOOKMARK [1][-]{section.3.19}{\376\377\000s\000h\000o\000t\000f\000i\000l\000e\0002\000d\000g\000\040\000M\000o\000d\000u\000l\000e\000\040\000R\000e\000f\000e\000r\000e\000n\000c\000e}{chapter.3}
\BOOKMARK [2][-]{subsection.3.19.1}{\376\377\000D\000e\000t\000a\000i\000l\000e\000d\000\040\000D\000e\000s\000c\000r\000i\000p\000t\000i\000o\000n}{section.3.19}
\BOOKMARK [2][-]{subsection.3.19.2}{\376\377\000V\000a\000r\000i\000a\000b\000l\000e\000\040\000D\000o\000c\000u\000m\000e\000n\000t\000a\000t\000i\000o\000n}{section.3.19}
\BOOKMARK [3][-]{subsubsection.3.19.2.1}{\376\377\000a\000r\000g}{subsection.3.19.2}
\BOOKMARK [3][-]{subsubsection.3.19.2.2}{\376\377\000b\000r}{subsection.3.19.2}
\BOOKMARK [3][-]{subsubsection.3.19.2.3}{\376\377\000b\000t}{subsection.3.19.2}
\BOOKMARK [3][-]{subsubsection.3.19.2.4}{\376\377\000b\000t\000o\000r\000c}{subsection.3.19.2}
\BOOKMARK [3][-]{subsubsection.3.19.2.5}{\376\377\000b\000z}{subsection.3.19.2}
\BOOKMARK [3][-]{subsubsection.3.19.2.6}{\376\377\000d\000i\000a\000n\000a\000m}{subsection.3.19.2}
\BOOKMARK [3][-]{subsubsection.3.19.2.7}{\376\377\000e\000x\000p\000n\000a\000m}{subsection.3.19.2}
\BOOKMARK [3][-]{subsubsection.3.19.2.8}{\376\377\000f\000i\000l\000e\000n\000a\000m\000e}{subsection.3.19.2}
\BOOKMARK [3][-]{subsubsection.3.19.2.9}{\376\377\000f\000j\000p}{subsection.3.19.2}
\BOOKMARK [3][-]{subsubsection.3.19.2.10}{\376\377\000f\000p\000f}{subsection.3.19.2}
\BOOKMARK [3][-]{subsubsection.3.19.2.11}{\376\377\000g\000p\000r}{subsection.3.19.2}
\BOOKMARK [3][-]{subsubsection.3.19.2.12}{\376\377\000g\000p\000z}{subsection.3.19.2}
\BOOKMARK [3][-]{subsubsection.3.19.2.13}{\376\377\000i\000a\000r\000g}{subsection.3.19.2}
\BOOKMARK [3][-]{subsubsection.3.19.2.14}{\376\377\000i\000a\000r\000g\000c}{subsection.3.19.2}
\BOOKMARK [3][-]{subsubsection.3.19.2.15}{\376\377\000l\000i\000n}{subsection.3.19.2}
\BOOKMARK [3][-]{subsubsection.3.19.2.16}{\376\377\000l\000n\000b\000l\000n\000k}{subsection.3.19.2}
\BOOKMARK [3][-]{subsubsection.3.19.2.17}{\376\377\000l\000p\000f\000x\000d\000i\000m}{subsection.3.19.2}
\BOOKMARK [3][-]{subsubsection.3.19.2.18}{\376\377\000m\000d\000i\000m}{subsection.3.19.2}
\BOOKMARK [3][-]{subsubsection.3.19.2.19}{\376\377\000n\000e\000d\000i\000t}{subsection.3.19.2}
\BOOKMARK [3][-]{subsubsection.3.19.2.20}{\376\377\000n\000s\000h\000o\000t}{subsection.3.19.2}
\BOOKMARK [3][-]{subsubsection.3.19.2.21}{\376\377\000p\000f\000m}{subsection.3.19.2}
\BOOKMARK [3][-]{subsubsection.3.19.2.22}{\376\377\000p\000f\000m\000d}{subsection.3.19.2}
\BOOKMARK [3][-]{subsubsection.3.19.2.23}{\376\377\000p\000f\000x\000x}{subsection.3.19.2}
\BOOKMARK [3][-]{subsubsection.3.19.2.24}{\376\377\000p\000s\000i\000l\000i\000m}{subsection.3.19.2}
\BOOKMARK [3][-]{subsubsection.3.19.2.25}{\376\377\000r\000c\000n\000t\000c}{subsection.3.19.2}
\BOOKMARK [3][-]{subsubsection.3.19.2.26}{\376\377\000r\000i}{subsection.3.19.2}
\BOOKMARK [3][-]{subsubsection.3.19.2.27}{\376\377\000r\000i\000n}{subsection.3.19.2}
\BOOKMARK [3][-]{subsubsection.3.19.2.28}{\376\377\000r\000p\000f\000x}{subsection.3.19.2}
\BOOKMARK [3][-]{subsubsection.3.19.2.29}{\376\377\000t\000s\000h\000o\000t}{subsection.3.19.2}
\BOOKMARK [3][-]{subsubsection.3.19.2.30}{\376\377\000z\000i\000n}{subsection.3.19.2}
\BOOKMARK [3][-]{subsubsection.3.19.2.31}{\376\377\000z\000j}{subsection.3.19.2}
\BOOKMARK [3][-]{subsubsection.3.19.2.32}{\376\377\000z\000p\000f\000x}{subsection.3.19.2}
\BOOKMARK [1][-]{section.3.20}{\376\377\000s\000s\000t\0002\000d\000g\000\040\000M\000o\000d\000u\000l\000e\000\040\000R\000e\000f\000e\000r\000e\000n\000c\000e}{chapter.3}
\BOOKMARK [2][-]{subsection.3.20.1}{\376\377\000D\000e\000t\000a\000i\000l\000e\000d\000\040\000D\000e\000s\000c\000r\000i\000p\000t\000i\000o\000n}{section.3.20}
\BOOKMARK [2][-]{subsection.3.20.2}{\376\377\000V\000a\000r\000i\000a\000b\000l\000e\000\040\000D\000o\000c\000u\000m\000e\000n\000t\000a\000t\000i\000o\000n}{section.3.20}
\BOOKMARK [3][-]{subsubsection.3.20.2.1}{\376\377\000a\000p\000f}{subsection.3.20.2}
\BOOKMARK [3][-]{subsubsection.3.20.2.2}{\376\377\000B\000t}{subsection.3.20.2}
\BOOKMARK [3][-]{subsubsection.3.20.2.3}{\376\377\000b\000t\000o\000r\000c}{subsection.3.20.2}
\BOOKMARK [3][-]{subsubsection.3.20.2.4}{\376\377\000d\000e\000r\000i\000v\000a\000t\000i\000v\000e}{subsection.3.20.2}
\BOOKMARK [3][-]{subsubsection.3.20.2.5}{\376\377\000g\000p\000r}{subsection.3.20.2}
\BOOKMARK [3][-]{subsubsection.3.20.2.6}{\376\377\000g\000p\000z}{subsection.3.20.2}
\BOOKMARK [3][-]{subsubsection.3.20.2.7}{\376\377\000p\000c}{subsection.3.20.2}
\BOOKMARK [3][-]{subsubsection.3.20.2.8}{\376\377\000p\000c\000d}{subsection.3.20.2}
\BOOKMARK [3][-]{subsubsection.3.20.2.9}{\376\377\000p\000f\000l}{subsection.3.20.2}
\BOOKMARK [3][-]{subsubsection.3.20.2.10}{\376\377\000p\000f\000m}{subsection.3.20.2}
\BOOKMARK [3][-]{subsubsection.3.20.2.11}{\376\377\000p\000r}{subsection.3.20.2}
\BOOKMARK [3][-]{subsubsection.3.20.2.12}{\376\377\000p\000r\000d}{subsection.3.20.2}
\BOOKMARK [3][-]{subsubsection.3.20.2.13}{\376\377\000q}{subsection.3.20.2}
\BOOKMARK [3][-]{subsubsection.3.20.2.14}{\376\377\000r\000c\000n\000t\000c}{subsection.3.20.2}
\BOOKMARK [3][-]{subsubsection.3.20.2.15}{\376\377\000x\000p\000f}{subsection.3.20.2}
\BOOKMARK [1][-]{section.3.21}{\376\377\000v\000r\0002\000d\000g\000\040\000M\000o\000d\000u\000l\000e\000\040\000R\000e\000f\000e\000r\000e\000n\000c\000e}{chapter.3}
\BOOKMARK [2][-]{subsection.3.21.1}{\376\377\000D\000e\000t\000a\000i\000l\000e\000d\000\040\000D\000e\000s\000c\000r\000i\000p\000t\000i\000o\000n}{section.3.21}
\BOOKMARK [2][-]{subsection.3.21.2}{\376\377\000V\000a\000r\000i\000a\000b\000l\000e\000\040\000D\000o\000c\000u\000m\000e\000n\000t\000a\000t\000i\000o\000n}{section.3.21}
\BOOKMARK [3][-]{subsubsection.3.21.2.1}{\376\377\000b\000t\000o\000r\000c}{subsection.3.21.2}
\BOOKMARK [3][-]{subsubsection.3.21.2.2}{\376\377\000p\000f\000m}{subsection.3.21.2}
\BOOKMARK [3][-]{subsubsection.3.21.2.3}{\376\377\000p\000s\000i\000l\000i\000m}{subsection.3.21.2}
\BOOKMARK [3][-]{subsubsection.3.21.2.4}{\376\377\000r\000c\000n\000t\000c}{subsection.3.21.2}
\BOOKMARK [3][-]{subsubsection.3.21.2.5}{\376\377\000r\000g\000r}{subsection.3.21.2}
\BOOKMARK [3][-]{subsubsection.3.21.2.6}{\376\377\000z\000g\000r}{subsection.3.21.2}
\BOOKMARK [0][-]{chapter.4}{\376\377\000F\000i\000l\000e\000\040\000D\000o\000c\000u\000m\000e\000n\000t\000a\000t\000i\000o\000n}{}
\BOOKMARK [1][-]{section.4.1}{\376\377\000s\000r\000c\000/\000c\000r\000o\000p\000e\000q\000u\000.\000f\000\040\000F\000i\000l\000e\000\040\000R\000e\000f\000e\000r\000e\000n\000c\000e}{chapter.4}
\BOOKMARK [2][-]{subsection.4.1.1}{\376\377\000F\000u\000n\000c\000t\000i\000o\000n\000\040\000D\000o\000c\000u\000m\000e\000n\000t\000a\000t\000i\000o\000n}{section.4.1}
\BOOKMARK [3][-]{subsubsection.4.1.1.1}{\376\377\000c\000r\000o\000p}{subsection.4.1.1}
\BOOKMARK [1][-]{section.4.2}{\376\377\000s\000r\000c\000/\000c\000u\000l\000h\000a\000m\000.\000f\000\040\000F\000i\000l\000e\000\040\000R\000e\000f\000e\000r\000e\000n\000c\000e}{chapter.4}
\BOOKMARK [1][-]{section.4.3}{\376\377\000s\000r\000c\000/\000d\000g\0002\000d\000g\000.\000f\000\040\000F\000i\000l\000e\000\040\000R\000e\000f\000e\000r\000e\000n\000c\000e}{chapter.4}
\BOOKMARK [1][-]{section.4.4}{\376\377\000s\000r\000c\000/\000d\000g\0002\000e\000f\000.\000f\000\040\000F\000i\000l\000e\000\040\000R\000e\000f\000e\000r\000e\000n\000c\000e}{chapter.4}
\BOOKMARK [1][-]{section.4.5}{\376\377\000s\000r\000c\000/\000d\000g\0002\000v\000r\000.\000f\000\040\000F\000i\000l\000e\000\040\000R\000e\000f\000e\000r\000e\000n\000c\000e}{chapter.4}
\BOOKMARK [1][-]{section.4.6}{\376\377\000s\000r\000c\000/\000d\000g\000\137\000a\000r\000i\000t\000h\000\137\000d\000g\000.\000f\000\040\000F\000i\000l\000e\000\040\000R\000e\000f\000e\000r\000e\000n\000c\000e}{chapter.4}
\BOOKMARK [1][-]{section.4.7}{\376\377\000s\000r\000c\000/\000d\000g\000\137\000m\000i\000n\000u\000s\000p\000s\000i\000\137\000d\000g\000.\000f\000\040\000F\000i\000l\000e\000\040\000R\000e\000f\000e\000r\000e\000n\000c\000e}{chapter.4}
\BOOKMARK [1][-]{section.4.8}{\376\377\000s\000r\000c\000/\000d\000g\000\137\000p\000r\000o\000c\000\137\000d\000g\000.\000f\000\040\000F\000i\000l\000e\000\040\000R\000e\000f\000e\000r\000e\000n\000c\000e}{chapter.4}
\BOOKMARK [1][-]{section.4.9}{\376\377\000s\000r\000c\000/\000d\000i\000v\000a\0002\000d\000g\000.\000f\000\040\000F\000i\000l\000e\000\040\000R\000e\000f\000e\000r\000e\000n\000c\000e}{chapter.4}
\BOOKMARK [1][-]{section.4.10}{\376\377\000s\000r\000c\000/\000d\000o\000u\000b\000l\000e\000.\000f\000\040\000F\000i\000l\000e\000\040\000R\000e\000f\000e\000r\000e\000n\000c\000e}{chapter.4}
\BOOKMARK [2][-]{subsection.4.10.1}{\376\377\000F\000u\000n\000c\000t\000i\000o\000n\000\040\000D\000o\000c\000u\000m\000e\000n\000t\000a\000t\000i\000o\000n}{section.4.10}
\BOOKMARK [3][-]{subsubsection.4.10.1.1}{\376\377\000d\000o\000u\000b\000l\000e}{subsection.4.10.1}
\BOOKMARK [1][-]{section.4.11}{\376\377\000s\000r\000c\000/\000e\000f\0002\000d\000g\000.\000f\000\040\000F\000i\000l\000e\000\040\000R\000e\000f\000e\000r\000e\000n\000c\000e}{chapter.4}
\BOOKMARK [1][-]{section.4.12}{\376\377\000s\000r\000c\000/\000j\000e\000t\000p\000p\000f\0002\000d\000g\000.\000f\000\040\000F\000i\000l\000e\000\040\000R\000e\000f\000e\000r\000e\000n\000c\000e}{chapter.4}
\BOOKMARK [2][-]{subsection.4.12.1}{\376\377\000F\000u\000n\000c\000t\000i\000o\000n\000\040\000D\000o\000c\000u\000m\000e\000n\000t\000a\000t\000i\000o\000n}{section.4.12}
\BOOKMARK [3][-]{subsubsection.4.12.1.1}{\376\377\000E\000R\000R\000M\000S\000S}{subsection.4.12.1}
\BOOKMARK [3][-]{subsubsection.4.12.1.2}{\376\377\000L\000E\000N\000S\000T\000R}{subsection.4.12.1}
\BOOKMARK [1][-]{section.4.13}{\376\377\000s\000r\000c\000/\000j\000t\0002\000d\000g\000.\000f\000\040\000F\000i\000l\000e\000\040\000R\000e\000f\000e\000r\000e\000n\000c\000e}{chapter.4}
\BOOKMARK [1][-]{section.4.14}{\376\377\000s\000r\000c\000/\000n\000k\0002\000d\000g\000.\000f\000\040\000F\000i\000l\000e\000\040\000R\000e\000f\000e\000r\000e\000n\000c\000e}{chapter.4}
\BOOKMARK [1][-]{section.4.15}{\376\377\000s\000r\000c\000/\000n\000k\000n\0002\000d\000g\000.\000f\000\040\000F\000i\000l\000e\000\040\000R\000e\000f\000e\000r\000e\000n\000c\000e}{chapter.4}
\BOOKMARK [1][-]{section.4.16}{\376\377\000s\000r\000c\000/\000o\000p\000e\000n\000\137\000f\000i\000l\000e\000s\000.\000f\000\040\000F\000i\000l\000e\000\040\000R\000e\000f\000e\000r\000e\000n\000c\000e}{chapter.4}
\BOOKMARK [2][-]{subsection.4.16.1}{\376\377\000F\000u\000n\000c\000t\000i\000o\000n\000\040\000D\000o\000c\000u\000m\000e\000n\000t\000a\000t\000i\000o\000n}{section.4.16}
\BOOKMARK [3][-]{subsubsection.4.16.1.1}{\376\377\000o\000p\000e\000n\000\137\000f\000i\000l\000e\000s}{subsection.4.16.1}
\BOOKMARK [1][-]{section.4.17}{\376\377\000s\000r\000c\000/\000p\000b\0002\000d\000g\000.\000f\000\040\000F\000i\000l\000e\000\040\000R\000e\000f\000e\000r\000e\000n\000c\000e}{chapter.4}
\BOOKMARK [1][-]{section.4.18}{\376\377\000s\000r\000c\000/\000p\000r\000i\000n\000e\000q\000u\000.\000f\000\040\000F\000i\000l\000e\000\040\000R\000e\000f\000e\000r\000e\000n\000c\000e}{chapter.4}
\BOOKMARK [1][-]{section.4.19}{\376\377\000s\000r\000c\000/\000p\000t\0002\000d\000g\000.\000f\000\040\000F\000i\000l\000e\000\040\000R\000e\000f\000e\000r\000e\000n\000c\000e}{chapter.4}
\BOOKMARK [2][-]{subsection.4.19.1}{\376\377\000F\000u\000n\000c\000t\000i\000o\000n\000\040\000D\000o\000c\000u\000m\000e\000n\000t\000a\000t\000i\000o\000n}{section.4.19}
\BOOKMARK [3][-]{subsubsection.4.19.1.1}{\376\377\000B\000P\000O\000L\000R\000Z}{subsection.4.19.1}
\BOOKMARK [3][-]{subsubsection.4.19.1.2}{\376\377\000T\000R\000I\000N\000W\000T}{subsection.4.19.1}
\BOOKMARK [3][-]{subsubsection.4.19.1.3}{\376\377\000W\000B\000P\000O\000L\000R\000Z}{subsection.4.19.1}
\BOOKMARK [3][-]{subsubsection.4.19.1.4}{\376\377\000w\000r\000e\000q\000d\000g}{subsection.4.19.1}
\BOOKMARK [1][-]{section.4.20}{\376\377\000s\000r\000c\000/\000r\000d\000e\000f\000i\000t\000.\000f\000\040\000F\000i\000l\000e\000\040\000R\000e\000f\000e\000r\000e\000n\000c\000e}{chapter.4}
\BOOKMARK [2][-]{subsection.4.20.1}{\376\377\000F\000u\000n\000c\000t\000i\000o\000n\000\040\000D\000o\000c\000u\000m\000e\000n\000t\000a\000t\000i\000o\000n}{section.4.20}
\BOOKMARK [3][-]{subsubsection.4.20.1.1}{\376\377\000r\000d\000e\000f\000i\000t}{subsection.4.20.1}
\BOOKMARK [1][-]{section.4.21}{\376\377\000s\000r\000c\000/\000r\000d\000e\000q\000d\000g\000.\000f\000\040\000F\000i\000l\000e\000\040\000R\000e\000f\000e\000r\000e\000n\000c\000e}{chapter.4}
\BOOKMARK [2][-]{subsection.4.21.1}{\376\377\000F\000u\000n\000c\000t\000i\000o\000n\000\040\000D\000o\000c\000u\000m\000e\000n\000t\000a\000t\000i\000o\000n}{section.4.21}
\BOOKMARK [3][-]{subsubsection.4.21.1.1}{\376\377\000r\000d\000e\000q\000d\000g}{subsection.4.21.1}
\BOOKMARK [1][-]{section.4.22}{\376\377\000s\000r\000c\000/\000r\000d\000e\000q\000j\000h\000.\000f\000\040\000F\000i\000l\000e\000\040\000R\000e\000f\000e\000r\000e\000n\000c\000e}{chapter.4}
\BOOKMARK [2][-]{subsection.4.22.1}{\376\377\000F\000u\000n\000c\000t\000i\000o\000n\000\040\000D\000o\000c\000u\000m\000e\000n\000t\000a\000t\000i\000o\000n}{section.4.22}
\BOOKMARK [3][-]{subsubsection.4.22.1.1}{\376\377\000r\000d\000e\000q\000j\000h}{subsection.4.22.1}
\BOOKMARK [1][-]{section.4.23}{\376\377\000s\000r\000c\000/\000r\000d\000e\000q\000j\000t\000.\000f\000\040\000F\000i\000l\000e\000\040\000R\000e\000f\000e\000r\000e\000n\000c\000e}{chapter.4}
\BOOKMARK [2][-]{subsection.4.23.1}{\376\377\000F\000u\000n\000c\000t\000i\000o\000n\000\040\000D\000o\000c\000u\000m\000e\000n\000t\000a\000t\000i\000o\000n}{section.4.23}
\BOOKMARK [3][-]{subsubsection.4.23.1.1}{\376\377\000r\000d\000e\000q\000d\000g}{subsection.4.23.1}
\BOOKMARK [1][-]{section.4.24}{\376\377\000s\000r\000c\000/\000r\000d\000e\000q\000l\000h\000.\000f\000\040\000F\000i\000l\000e\000\040\000R\000e\000f\000e\000r\000e\000n\000c\000e}{chapter.4}
\BOOKMARK [2][-]{subsection.4.24.1}{\376\377\000F\000u\000n\000c\000t\000i\000o\000n\000\040\000D\000o\000c\000u\000m\000e\000n\000t\000a\000t\000i\000o\000n}{section.4.24}
\BOOKMARK [3][-]{subsubsection.4.24.1.1}{\376\377\000r\000d\000e\000q\000l\000h}{subsection.4.24.1}
\BOOKMARK [1][-]{section.4.25}{\376\377\000s\000r\000c\000/\000r\000d\000e\000q\000n\000k\000.\000f\000\040\000F\000i\000l\000e\000\040\000R\000e\000f\000e\000r\000e\000n\000c\000e}{chapter.4}
\BOOKMARK [2][-]{subsection.4.25.1}{\376\377\000F\000u\000n\000c\000t\000i\000o\000n\000\040\000D\000o\000c\000u\000m\000e\000n\000t\000a\000t\000i\000o\000n}{section.4.25}
\BOOKMARK [3][-]{subsubsection.4.25.1.1}{\376\377\000r\000d\000e\000q\000n\000k}{subsection.4.25.1}
\BOOKMARK [1][-]{section.4.26}{\376\377\000s\000r\000c\000/\000r\000d\000e\000q\000n\000k\0002\000.\000f\000\040\000F\000i\000l\000e\000\040\000R\000e\000f\000e\000r\000e\000n\000c\000e}{chapter.4}
\BOOKMARK [2][-]{subsection.4.26.1}{\376\377\000F\000u\000n\000c\000t\000i\000o\000n\000\040\000D\000o\000c\000u\000m\000e\000n\000t\000a\000t\000i\000o\000n}{section.4.26}
\BOOKMARK [3][-]{subsubsection.4.26.1.1}{\376\377\000r\000d\000e\000q\000n\000k\0002}{subsection.4.26.1}
\BOOKMARK [1][-]{section.4.27}{\376\377\000s\000r\000c\000/\000r\000d\000e\000q\000p\000b\000.\000f\000\040\000F\000i\000l\000e\000\040\000R\000e\000f\000e\000r\000e\000n\000c\000e}{chapter.4}
\BOOKMARK [2][-]{subsection.4.27.1}{\376\377\000F\000u\000n\000c\000t\000i\000o\000n\000\040\000D\000o\000c\000u\000m\000e\000n\000t\000a\000t\000i\000o\000n}{section.4.27}
\BOOKMARK [3][-]{subsubsection.4.27.1.1}{\376\377\000r\000d\000e\000q\000p\000b}{subsection.4.27.1}
\BOOKMARK [1][-]{section.4.28}{\376\377\000s\000r\000c\000/\000r\000d\000e\000q\000v\000r\000.\000f\000\040\000F\000i\000l\000e\000\040\000R\000e\000f\000e\000r\000e\000n\000c\000e}{chapter.4}
\BOOKMARK [2][-]{subsection.4.28.1}{\376\377\000F\000u\000n\000c\000t\000i\000o\000n\000\040\000D\000o\000c\000u\000m\000e\000n\000t\000a\000t\000i\000o\000n}{section.4.28}
\BOOKMARK [3][-]{subsubsection.4.28.1.1}{\376\377\000r\000d\000e\000q\000v\000r}{subsection.4.28.1}
\BOOKMARK [1][-]{section.4.29}{\376\377\000s\000r\000c\000/\000r\000i\000s\000e\000p\000s\000i\000.\000f\000\040\000F\000i\000l\000e\000\040\000R\000e\000f\000e\000r\000e\000n\000c\000e}{chapter.4}
\BOOKMARK [1][-]{section.4.30}{\376\377\000s\000r\000c\000/\000s\000h\000o\000t\000f\000i\000l\000e\0002\000d\000g\000.\000f\000\040\000F\000i\000l\000e\000\040\000R\000e\000f\000e\000r\000e\000n\000c\000e}{chapter.4}
\BOOKMARK [2][-]{subsection.4.30.1}{\376\377\000F\000u\000n\000c\000t\000i\000o\000n\000\040\000D\000o\000c\000u\000m\000e\000n\000t\000a\000t\000i\000o\000n}{section.4.30}
\BOOKMARK [3][-]{subsubsection.4.30.1.1}{\376\377\000l\000n\000b\000l\000n\000k}{subsection.4.30.1}
\BOOKMARK [1][-]{section.4.31}{\376\377\000s\000r\000c\000/\000s\000s\000t\0002\000d\000g\000.\000f\000\040\000F\000i\000l\000e\000\040\000R\000e\000f\000e\000r\000e\000n\000c\000e}{chapter.4}
\BOOKMARK [1][-]{section.4.32}{\376\377\000s\000r\000c\000/\000v\000r\0002\000d\000g\000.\000f\000\040\000F\000i\000l\000e\000\040\000R\000e\000f\000e\000r\000e\000n\000c\000e}{chapter.4}
\BOOKMARK [1][-]{section.4.33}{\376\377\000s\000r\000c\000/\000w\000r\000e\000f\000i\000t\000.\000f\000\040\000F\000i\000l\000e\000\040\000R\000e\000f\000e\000r\000e\000n\000c\000e}{chapter.4}
\BOOKMARK [2][-]{subsection.4.33.1}{\376\377\000F\000u\000n\000c\000t\000i\000o\000n\000\040\000D\000o\000c\000u\000m\000e\000n\000t\000a\000t\000i\000o\000n}{section.4.33}
\BOOKMARK [3][-]{subsubsection.4.33.1.1}{\376\377\000w\000r\000e\000f\000i\000t}{subsection.4.33.1}
\BOOKMARK [1][-]{section.4.34}{\376\377\000s\000r\000c\000/\000w\000r\000e\000q\000d\000g\000.\000f\000\040\000F\000i\000l\000e\000\040\000R\000e\000f\000e\000r\000e\000n\000c\000e}{chapter.4}
\BOOKMARK [2][-]{subsection.4.34.1}{\376\377\000F\000u\000n\000c\000t\000i\000o\000n\000\040\000D\000o\000c\000u\000m\000e\000n\000t\000a\000t\000i\000o\000n}{section.4.34}
\BOOKMARK [3][-]{subsubsection.4.34.1.1}{\376\377\000w\000r\000e\000q\000d\000g}{subsection.4.34.1}
\BOOKMARK [1][-]{section.4.35}{\376\377\000s\000r\000c\000/\000w\000r\000e\000q\000v\000r\000.\000f\000\040\000F\000i\000l\000e\000\040\000R\000e\000f\000e\000r\000e\000n\000c\000e}{chapter.4}
\BOOKMARK [2][-]{subsection.4.35.1}{\376\377\000F\000u\000n\000c\000t\000i\000o\000n\000\040\000D\000o\000c\000u\000m\000e\000n\000t\000a\000t\000i\000o\000n}{section.4.35}
\BOOKMARK [3][-]{subsubsection.4.35.1.1}{\376\377\000w\000r\000e\000q\000v\000r}{subsection.4.35.1}
